// Jest Snapshot v1, https://goo.gl/fbAQLP

exports[`should render ExpenseListItem with expense 1`] = `
<Link
  className="list-item"
  to="/edit/2"
>
  <div>
    <h3
      className="list-item__title"
    >
      Rent
    </h3>
    <span
      className="list-item__sub-title"
    >
      January 1st, 1970
    </span>
  </div>
  <h3
    className="list-item__data"
  >
    $195.42
  </h3>
</Link>
`;
