// Jest Snapshot v1, https://goo.gl/fbAQLP

exports[`Should render expense list with expenses 1`] = `
<div>
  <ExpenseListItem
    amount={19542}
    createdAt={0}
    description="Rent"
    id="2"
    key="2"
    note=""
  />
  <ExpenseListItem
    amount={230}
    createdAt={345600000}
    description="Coffee"
    id="3"
    key="3"
    note=""
  />
  <ExpenseListItem
    amount={1234568}
    createdAt={-345600000}
    description="Gum"
    id="4"
    key="4"
    note=""
  />
</div>
`;

exports[`should render expene list without expenses 1`] = `
<div>
  <p>
    No Expenses
  </p>
</div>
`;
